
> crea3-recreated-frontend@0.1.0 build
> tsc -b && vite build

vite v5.4.21 building for production...
transforming...
Browserslist: browsers data (caniuse-lite) is 8 months old. Please run:
  npx update-browserslist-db@latest
  Why you should do it regularly: https://github.com/browserslist/update-db#readme
✓ 1300 modules transformed.
rendering chunks...
computing gzip size...

(!) Some chunks are larger than 500 kB after minification. Consider:
- Using dynamic import() to code-split the application
- Use build.rollupOptions.output.manualChunks to improve chunking: https://rollupjs.org/configuration-options/#output-manualchunks
- Adjust chunk size limit for this warning via build.chunkSizeWarningLimit.
dist/index.html                     0.93 kB │ gzip:   0.50 kB
dist/assets/index-DJEka5rl.css     46.94 kB │ gzip:   8.54 kB
dist/assets/index-BajOjrKV.js   1,338.06 kB │ gzip: 420.57 kB
✓ built in 17.46s
npm notice
npm notice New major version of npm available! 10.9.8 -> 12.0.2
npm notice Changelog: https://github.com/npm/cli/releases/tag/v12.0.2
npm notice To update run: npm install -g npm@12.0.2
npm notice
DONE_EXIT=0
